// Vitest Snapshot v1

exports[`ConverterProcessing > should match snapshot 1`] = `
{
  "asFragment": [Function],
  "baseElement": <body>
    <div>
      <div
        class="_container_46bb2b"
      >
        <div
          class="_container_e7c728"
        >
          <div
            class="_status_e7c728"
          >
            <div
              class="_container_d3c8b7"
            >
              <div
                class="_background_d3c8b7"
              >
                <div
                  class="_progress_d3c8b7"
                  data-testid="loader-progress"
                  style="width: 0%;"
                />
              </div>
              <span
                class="_label_d3c8b7 text text_small"
              >
                0%
              </span>
            </div>
          </div>
          <h1
            class="_title_e7c728 subtitle"
          >
            Идет обработка видео
          </h1>
          <p
            class="_text_e7c728 text"
            data-testid="status-text"
          >
            Этот процесс может занять некоторое время
          </p>
        </div>
      </div>
    </div>
  </body>,
  "container": <div>
    <div
      class="_container_46bb2b"
    >
      <div
        class="_container_e7c728"
      >
        <div
          class="_status_e7c728"
        >
          <div
            class="_container_d3c8b7"
          >
            <div
              class="_background_d3c8b7"
            >
              <div
                class="_progress_d3c8b7"
                data-testid="loader-progress"
                style="width: 0%;"
              />
            </div>
            <span
              class="_label_d3c8b7 text text_small"
            >
              0%
            </span>
          </div>
        </div>
        <h1
          class="_title_e7c728 subtitle"
        >
          Идет обработка видео
        </h1>
        <p
          class="_text_e7c728 text"
          data-testid="status-text"
        >
          Этот процесс может занять некоторое время
        </p>
      </div>
    </div>
  </div>,
  "debug": [Function],
  "findAllByAltText": [Function],
  "findAllByDisplayValue": [Function],
  "findAllByLabelText": [Function],
  "findAllByPlaceholderText": [Function],
  "findAllByRole": [Function],
  "findAllByTestId": [Function],
  "findAllByText": [Function],
  "findAllByTitle": [Function],
  "findByAltText": [Function],
  "findByDisplayValue": [Function],
  "findByLabelText": [Function],
  "findByPlaceholderText": [Function],
  "findByRole": [Function],
  "findByTestId": [Function],
  "findByText": [Function],
  "findByTitle": [Function],
  "getAllByAltText": [Function],
  "getAllByDisplayValue": [Function],
  "getAllByLabelText": [Function],
  "getAllByPlaceholderText": [Function],
  "getAllByRole": [Function],
  "getAllByTestId": [Function],
  "getAllByText": [Function],
  "getAllByTitle": [Function],
  "getByAltText": [Function],
  "getByDisplayValue": [Function],
  "getByLabelText": [Function],
  "getByPlaceholderText": [Function],
  "getByRole": [Function],
  "getByTestId": [Function],
  "getByText": [Function],
  "getByTitle": [Function],
  "queryAllByAltText": [Function],
  "queryAllByDisplayValue": [Function],
  "queryAllByLabelText": [Function],
  "queryAllByPlaceholderText": [Function],
  "queryAllByRole": [Function],
  "queryAllByTestId": [Function],
  "queryAllByText": [Function],
  "queryAllByTitle": [Function],
  "queryByAltText": [Function],
  "queryByDisplayValue": [Function],
  "queryByLabelText": [Function],
  "queryByPlaceholderText": [Function],
  "queryByRole": [Function],
  "queryByTestId": [Function],
  "queryByText": [Function],
  "queryByTitle": [Function],
  "rerender": [Function],
  "store": {
    "@@observable": [Function],
    "dispatch": [Function],
    "getState": [Function],
    "replaceReducer": [Function],
    "subscribe": [Function],
  },
  "unmount": [Function],
}
`;
