// Vitest Snapshot v1

exports[`Title > should match snapshot 1`] = `
{
  "asFragment": [Function],
  "baseElement": <body>
    <div>
      <div
        class="_container_4b116b"
      >
        <a
          class="_link_4b116b"
          data-testid="title-link"
          href="/user"
        >
          <svg
            class="icon icon-arrow-back _icon_4b116b"
            data-testid="icon"
            height="21"
            stroke=""
            width="21"
          >
            <use
              xlink:href="/src/assets/img/general/icons.svg#arrow-back"
            />
          </svg>
          <h1
            class="_title_4b116b title"
          >
            Testing
          </h1>
        </a>
      </div>
    </div>
  </body>,
  "container": <div>
    <div
      class="_container_4b116b"
    >
      <a
        class="_link_4b116b"
        data-testid="title-link"
        href="/user"
      >
        <svg
          class="icon icon-arrow-back _icon_4b116b"
          data-testid="icon"
          height="21"
          stroke=""
          width="21"
        >
          <use
            xlink:href="/src/assets/img/general/icons.svg#arrow-back"
          />
        </svg>
        <h1
          class="_title_4b116b title"
        >
          Testing
        </h1>
      </a>
    </div>
  </div>,
  "debug": [Function],
  "findAllByAltText": [Function],
  "findAllByDisplayValue": [Function],
  "findAllByLabelText": [Function],
  "findAllByPlaceholderText": [Function],
  "findAllByRole": [Function],
  "findAllByTestId": [Function],
  "findAllByText": [Function],
  "findAllByTitle": [Function],
  "findByAltText": [Function],
  "findByDisplayValue": [Function],
  "findByLabelText": [Function],
  "findByPlaceholderText": [Function],
  "findByRole": [Function],
  "findByTestId": [Function],
  "findByText": [Function],
  "findByTitle": [Function],
  "getAllByAltText": [Function],
  "getAllByDisplayValue": [Function],
  "getAllByLabelText": [Function],
  "getAllByPlaceholderText": [Function],
  "getAllByRole": [Function],
  "getAllByTestId": [Function],
  "getAllByText": [Function],
  "getAllByTitle": [Function],
  "getByAltText": [Function],
  "getByDisplayValue": [Function],
  "getByLabelText": [Function],
  "getByPlaceholderText": [Function],
  "getByRole": [Function],
  "getByTestId": [Function],
  "getByText": [Function],
  "getByTitle": [Function],
  "queryAllByAltText": [Function],
  "queryAllByDisplayValue": [Function],
  "queryAllByLabelText": [Function],
  "queryAllByPlaceholderText": [Function],
  "queryAllByRole": [Function],
  "queryAllByTestId": [Function],
  "queryAllByText": [Function],
  "queryAllByTitle": [Function],
  "queryByAltText": [Function],
  "queryByDisplayValue": [Function],
  "queryByLabelText": [Function],
  "queryByPlaceholderText": [Function],
  "queryByRole": [Function],
  "queryByTestId": [Function],
  "queryByText": [Function],
  "queryByTitle": [Function],
  "rerender": [Function],
  "unmount": [Function],
}
`;
